<b>[</b><u>\n</u><b>]</b>
<i>{</i><u>\t</u><i>}</i>	 <tt>^</tt> <tt>$</tt> <tt>?</tt>
<u>\d</u><u>\s</u><i>/</i>
