<b><i>a</i></b><i> </i>b<i> </i><b><i>a</i></b><i>
</i>