<b>	</b><i>
</i><u>.</u><u>!</u><b>	</b><u>.</u><u>.</u><u>|</u><u>.</u><u>*</u><u>|</u><u>*</u><i>
</i><b>	</b><tt>+</tt><u>*</u><tt>+</tt><tt>(</tt><i>
</i><tt>)</tt><tt>(</tt><u>*</u><tt>)</tt><i>
</i><b>	</b><i>
</i>